[consent] user_consents 表不存在，请到 Supabase SQL Editor 重跑 sql/schema.sql
[consent] user_consents 表不存在，请到 Supabase SQL Editor 重跑 sql/schema.sql
[consent] user_consents 表不存在，请到 Supabase SQL Editor 重跑 sql/schema.sql
e:net:2110:7)
    at app.listen (C:\Users\Lenovo\WorkBuddy\Healthy-run\node_modules\express\lib\application.js:635:24)
    at Object.<anonymous> (C:\Users\Lenovo\WorkBuddy\Healthy-run\api\index.js:1200:7)
    at Module._compile (node:internal/modules/cjs/loader:1812:14)
    at Object..js (node:internal/modules/cjs/loader:1943:10)
    at Module.load (node:internal/modules/cjs/loader:1533:32)
    at Module._load (node:internal/modules/cjs/loader:1335:12)
    at wrapModuleLoad (node:internal/modules/cjs/loader:255:19)
Emitted 'error' event on Server instance at:
    at emitErrorNT (node:net:1984:8)
    at process.processTicksAndRejections (node:internal/process/task_queues:90:21) {
  code: 'EADDRINUSE',
  errno: -4091,
  syscall: 'listen',
  address: '::',
  port: 3000
}

Node.js v24.14.0
